127.0.0.1 - - [19/Mar/2026:18:33:09 -0500] "GET / HTTP/1.1" 200 516
127.0.0.1 - - [19/Mar/2026:18:33:09 -0500] "GET /icons/blank.gif HTTP/1.1" 200 148
127.0.0.1 - - [19/Mar/2026:18:33:10 -0500] "GET /favicon.ico HTTP/1.1" 404 1196
127.0.0.1 - - [20/Mar/2026:04:48:08 -0500] "GET / HTTP/1.1" 200 516
127.0.0.1 - - [20/Mar/2026:04:55:01 -0500] "GET / HTTP/1.1" 200 1575
127.0.0.1 - - [20/Mar/2026:04:55:02 -0500] "GET /icons/unknown.gif HTTP/1.1" 200 245
127.0.0.1 - - [20/Mar/2026:04:55:02 -0500] "GET /icons/text.gif HTTP/1.1" 200 229
127.0.0.1 - - [20/Mar/2026:04:55:03 -0500] "GET /login.html HTTP/1.1" 200 449
127.0.0.1 - - [20/Mar/2026:05:00:00 -0500] "GET / HTTP/1.1" 200 1575
::1 - - [25/Mar/2026:15:03:45 -0500] "GET / HTTP/1.1" 200 1575
::1 - - [25/Mar/2026:15:03:45 -0500] "GET / HTTP/1.1" 200 1575
::1 - - [25/Mar/2026:15:03:45 -0500] "GET / HTTP/1.1" 200 1575
::1 - - [25/Mar/2026:15:03:45 -0500] "GET / HTTP/1.1" 200 1575
::1 - - [25/Mar/2026:15:03:45 -0500] "GET / HTTP/1.1" 200 1575
::1 - - [25/Mar/2026:15:03:45 -0500] "GET / HTTP/1.1" 200 1575
::1 - - [25/Mar/2026:15:03:45 -0500] "GET / HTTP/1.1" 200 1575
::1 - - [25/Mar/2026:15:03:45 -0500] "GET / HTTP/1.1" 200 1575
::1 - - [25/Mar/2026:15:03:45 -0500] "GET / HTTP/1.1" 200 1575
::1 - - [25/Mar/2026:15:03:45 -0500] "GET / HTTP/1.1" 200 1575
::1 - - [25/Mar/2026:15:03:45 -0500] "GET / HTTP/1.1" 200 1575
::1 - - [25/Mar/2026:15:03:45 -0500] "GET / HTTP/1.1" 200 1575
::1 - - [25/Mar/2026:15:03:45 -0500] "GET / HTTP/1.1" 200 1575
::1 - - [25/Mar/2026:15:03:45 -0500] "GET / HTTP/1.1" 200 1575
::1 - - [25/Mar/2026:15:03:45 -0500] "GET / HTTP/1.1" 200 1575
::1 - - [25/Mar/2026:15:03:45 -0500] "GET / HTTP/1.1" 200 1575
::1 - - [25/Mar/2026:15:03:45 -0500] "GET / HTTP/1.1" 200 1575
::1 - - [25/Mar/2026:15:03:45 -0500] "GET / HTTP/1.1" 200 1575
::1 - - [25/Mar/2026:15:03:45 -0500] "GET / HTTP/1.1" 200 1575
::1 - - [25/Mar/2026:15:03:45 -0500] "GET / HTTP/1.1" 200 1575
::1 - - [25/Mar/2026:15:03:45 -0500] "GET / HTTP/1.1" 200 1575
::1 - - [25/Mar/2026:15:03:45 -0500] "GET / HTTP/1.1" 200 1575
::1 - - [25/Mar/2026:15:03:45 -0500] "GET / HTTP/1.1" 200 1575
::1 - - [25/Mar/2026:15:03:45 -0500] "GET / HTTP/1.1" 200 1575
::1 - - [25/Mar/2026:15:03:45 -0500] "GET / HTTP/1.1" 200 1575
::1 - - [25/Mar/2026:15:03:45 -0500] "GET / HTTP/1.1" 200 1575
::1 - - [25/Mar/2026:15:03:45 -0500] "GET / HTTP/1.1" 200 1575
::1 - - [25/Mar/2026:15:03:45 -0500] "GET / HTTP/1.1" 200 1575
::1 - - [25/Mar/2026:15:03:45 -0500] "GET / HTTP/1.1" 200 1575
::1 - - [25/Mar/2026:15:03:45 -0500] "GET / HTTP/1.1" 200 1575
::1 - - [25/Mar/2026:15:03:45 -0500] "GET /index.php?id=1+OR+1%3d1 HTTP/1.1" 200 266
::1 - - [25/Mar/2026:15:03:45 -0500] "GET /test.php?q=1+UNION+SELECT+username%2cpassword+FROM+users HTTP/1.1" 200 394
::1 - - [25/Mar/2026:15:03:45 -0500] "POST /login.php HTTP/1.1" 200 379
::1 - - [25/Mar/2026:15:03:45 -0500] "POST /login.php HTTP/1.1" 200 379
::1 - - [25/Mar/2026:15:03:45 -0500] "POST /login.php HTTP/1.1" 200 379
::1 - - [25/Mar/2026:15:03:45 -0500] "POST /login.php HTTP/1.1" 200 379
::1 - - [25/Mar/2026:15:03:45 -0500] "POST /login.php HTTP/1.1" 200 379
::1 - - [25/Mar/2026:15:03:45 -0500] "POST /login.php HTTP/1.1" 200 379
::1 - - [25/Mar/2026:15:03:45 -0500] "POST /login.php HTTP/1.1" 200 379
::1 - - [25/Mar/2026:15:03:45 -0500] "POST /login.php HTTP/1.1" 200 379
::1 - - [25/Mar/2026:15:03:45 -0500] "POST /login.php HTTP/1.1" 200 379
::1 - - [25/Mar/2026:15:03:45 -0500] "POST /login.php HTTP/1.1" 200 379
::1 - - [25/Mar/2026:15:03:45 -0500] "POST /login.php HTTP/1.1" 200 379
::1 - - [25/Mar/2026:15:03:45 -0500] "POST /login.php HTTP/1.1" 200 379
::1 - - [25/Mar/2026:15:03:45 -0500] "POST /login.php HTTP/1.1" 200 379
::1 - - [25/Mar/2026:15:03:45 -0500] "POST /login.php HTTP/1.1" 200 379
::1 - - [25/Mar/2026:15:03:45 -0500] "POST /login.php HTTP/1.1" 200 379
::1 - - [25/Mar/2026:15:03:45 -0500] "GET /.env HTTP/1.1" 404 973
::1 - - [25/Mar/2026:15:03:45 -0500] "GET /.env HTTP/1.1" 404 973
::1 - - [25/Mar/2026:15:03:45 -0500] "GET /.env HTTP/1.1" 404 973
::1 - - [25/Mar/2026:15:03:45 -0500] "GET /.git HTTP/1.1" 404 973
::1 - - [25/Mar/2026:15:03:45 -0500] "GET /.git HTTP/1.1" 404 973
::1 - - [25/Mar/2026:15:03:45 -0500] "GET /.git HTTP/1.1" 404 973
::1 - - [25/Mar/2026:15:03:45 -0500] "GET /.git/config HTTP/1.1" 404 973
::1 - - [25/Mar/2026:15:03:45 -0500] "GET /.git/config HTTP/1.1" 404 973
::1 - - [25/Mar/2026:15:03:45 -0500] "GET /.git/config HTTP/1.1" 404 973
::1 - - [25/Mar/2026:15:03:45 -0500] "GET /phpmyadmin HTTP/1.1" 404 973
::1 - - [25/Mar/2026:15:03:45 -0500] "GET /phpmyadmin HTTP/1.1" 404 973
::1 - - [25/Mar/2026:15:03:45 -0500] "GET /phpmyadmin HTTP/1.1" 404 973
::1 - - [25/Mar/2026:15:03:45 -0500] "GET /backup HTTP/1.1" 404 973
::1 - - [25/Mar/2026:15:03:46 -0500] "GET /backup HTTP/1.1" 404 973
::1 - - [25/Mar/2026:15:03:46 -0500] "GET /backup HTTP/1.1" 404 973
::1 - - [25/Mar/2026:15:03:46 -0500] "GET /backup.zip HTTP/1.1" 404 973
::1 - - [25/Mar/2026:15:03:46 -0500] "GET /backup.zip HTTP/1.1" 404 973
::1 - - [25/Mar/2026:15:03:46 -0500] "GET /backup.zip HTTP/1.1" 404 973
::1 - - [25/Mar/2026:15:03:46 -0500] "GET /test1 HTTP/1.1" 404 973
::1 - - [25/Mar/2026:15:03:46 -0500] "GET /test2 HTTP/1.1" 404 973
::1 - - [25/Mar/2026:15:03:46 -0500] "GET /test3 HTTP/1.1" 404 973
::1 - - [25/Mar/2026:15:03:46 -0500] "GET /test4 HTTP/1.1" 404 973
::1 - - [25/Mar/2026:15:03:46 -0500] "GET /test5 HTTP/1.1" 404 973
::1 - - [25/Mar/2026:15:03:46 -0500] "GET /test6 HTTP/1.1" 404 973
::1 - - [25/Mar/2026:15:03:46 -0500] "GET /test7 HTTP/1.1" 404 973
::1 - - [25/Mar/2026:15:03:46 -0500] "GET /test8 HTTP/1.1" 404 973
::1 - - [25/Mar/2026:15:03:46 -0500] "GET /test9 HTTP/1.1" 404 973
::1 - - [25/Mar/2026:15:03:46 -0500] "GET /test10 HTTP/1.1" 404 973
::1 - - [25/Mar/2026:15:03:46 -0500] "GET /test11 HTTP/1.1" 404 973
::1 - - [25/Mar/2026:15:03:46 -0500] "GET /test12 HTTP/1.1" 404 973
::1 - - [25/Mar/2026:15:03:46 -0500] "GET /test13 HTTP/1.1" 404 973
::1 - - [25/Mar/2026:15:03:46 -0500] "GET /test14 HTTP/1.1" 404 973
::1 - - [25/Mar/2026:15:03:46 -0500] "GET /test15 HTTP/1.1" 404 973
::1 - - [25/Mar/2026:15:03:46 -0500] "GET /test16 HTTP/1.1" 404 973
::1 - - [25/Mar/2026:15:03:46 -0500] "GET /test17 HTTP/1.1" 404 973
::1 - - [25/Mar/2026:15:03:46 -0500] "GET /test18 HTTP/1.1" 404 973
::1 - - [25/Mar/2026:15:03:46 -0500] "GET /test19 HTTP/1.1" 404 973
::1 - - [25/Mar/2026:15:03:46 -0500] "GET /test20 HTTP/1.1" 404 973
::1 - - [25/Mar/2026:15:03:46 -0500] "GET /test21 HTTP/1.1" 404 973
::1 - - [25/Mar/2026:15:03:46 -0500] "GET /test22 HTTP/1.1" 404 973
::1 - - [25/Mar/2026:15:03:46 -0500] "GET /test23 HTTP/1.1" 404 973
::1 - - [25/Mar/2026:15:03:46 -0500] "GET /test24 HTTP/1.1" 404 973
::1 - - [25/Mar/2026:15:03:46 -0500] "GET /test25 HTTP/1.1" 404 973
::1 - - [25/Mar/2026:15:03:46 -0500] "GET /test HTTP/1.1" 404 973
::1 - - [25/Mar/2026:15:03:46 -0500] "GET /test HTTP/1.1" 404 973
::1 - - [25/Mar/2026:15:03:46 -0500] "GET /test HTTP/1.1" 404 973
